// Jest Snapshot v1, https://goo.gl/fbAQLP

exports[`BlueTitle Styled BlueTitle component 1`] = `
.c0 {
  font-size: 50px;
  color: blue;
}

<div>
  <h1
    class="c0"
  >
    Test
  </h1>
</div>
`;
